<?xml version="1.0" encoding="UTF-8"?>
<testsuites name="jest tests" test="1" failures="0" errors="0" times="1.02">
</testsuites>